// Jest Snapshot v1, https://goo.gl/fbAQLP

exports[`Comments when there are comments renders correctly 1`] = `
<View
  style={
    Object {
      "backgroundColor": "rgba(255, 255, 255, 0.85)",
      "borderTopRightRadius": 5,
      "width": "100%",
    }
  }
>
  <View
    style={
      Object {
        "backgroundColor": "rgba(255, 255, 255, 0.85)",
        "borderRadius": 5,
        "margin": 10,
        "padding": 10,
      }
    }
  >
    <Title
      text="A simple string"
    />
  </View>
  <View
    style={
      Object {
        "paddingHorizontal": 10,
        "paddingVertical": 20,
      }
    }
  >
    <Title
      text="Nenhum comentário ainda - faça o primeiro!"
    />
  </View>
</View>
`;

exports[`Comments when there are no comments renders correctly 1`] = `
<View
  style={
    Object {
      "backgroundColor": "rgba(255, 255, 255, 0.85)",
      "borderTopRightRadius": 5,
      "width": "100%",
    }
  }
>
  <View
    style={
      Object {
        "backgroundColor": "rgba(255, 255, 255, 0.85)",
        "borderRadius": 5,
        "margin": 10,
        "padding": 10,
      }
    }
  >
    <Title
      text="A simple string"
    />
  </View>
  <View
    style={
      Object {
        "paddingHorizontal": 10,
        "paddingVertical": 20,
      }
    }
  >
    <Title
      text="Nenhum comentário ainda - faça o primeiro!"
    />
  </View>
</View>
`;
