// Jest Snapshot v1, https://goo.gl/fbAQLP

exports[`Comments<Reply> renders correctly 1`] = `
<View
  style={
    Object {
      "borderBottomColor": "rgb(255, 255, 255)",
      "borderBottomWidth": 3,
      "margin": 10,
    }
  }
>
  <View
    style={
      Object {
        "alignItems": "center",
        "flexDirection": "row",
        "paddingVertical": 10,
      }
    }
  >
    <Image
      source={
        Object {
          "testUri": "../../../app/assets/images/profile-pic-annon.png",
        }
      }
      style={
        Object {
          "backgroundColor": "rgba(4, 71, 47, 0.75)",
          "borderRadius": 23,
          "height": 45,
          "overflow": "hidden",
          "width": 45,
        }
      }
    />
    <View
      style={
        Object {
          "paddingLeft": 10,
        }
      }
    >
      <Title
        small={true}
        text="Kelli S"
      />
      <Text
        style={
          Object {
            "color": "rgb(51, 51, 51)",
            "fontStyle": "italic",
          }
        }
      >
        01/02/2019
      </Text>
    </View>
  </View>
  <View>
    <Text
      style={
        Object {
          "paddingVertical": 10,
        }
      }
    >
      Meu pai também fez o mesmo. Logo depois que minha mãe pediu o divórcio porque sofria violência dentro de casa, ele pegou as malas, se mudou e sumiu no mundo. Nem faço mais questão de saber pra onde ele foi.
    </Text>
  </View>
</View>
`;
