// Jest Snapshot v1, https://goo.gl/fbAQLP

exports[`Post<Body> renders correctly 1`] = `
<View
  style={
    Object {
      "backgroundColor": "rgba(255, 255, 255, 0.85)",
      "borderTopRightRadius": 5,
      "padding": 10,
      "width": "100%",
    }
  }
>
  <FlexImage
    source={
      Object {
        "testUri": "../../../app/assets/images/image_post_1.jpg",
      }
    }
    style={
      Object {
        "borderRadius": 5,
        "overflow": "hidden",
      }
    }
  />
  <Text
    style={
      Object {
        "marginVertical": 10,
      }
    }
  >
    A string
  </Text>
  <Text
    style={
      Array [
        Object {
          "color": "rgb(51, 51, 51)",
          "fontStyle": "italic",
        },
        Object {
          "marginVertical": 10,
        },
      ]
    }
  >
    01/01/2000
  </Text>
</View>
`;
