// Jest Snapshot v1, https://goo.gl/fbAQLP

exports[`Post<Content> renders correctly 1`] = `
<View
  style={
    Object {
      "backgroundColor": "rgba(255, 255, 255, 0.85)",
      "borderTopRightRadius": 5,
      "padding": 10,
      "width": "100%",
    }
  }
>
  <Text
    style={
      Object {
        "marginVertical": 10,
      }
    }
  >
    A string
  </Text>
  <Text
    style={
      Array [
        Object {
          "color": "rgb(51, 51, 51)",
          "fontStyle": "italic",
        },
        Object {
          "marginVertical": 10,
        },
      ]
    }
  >
    Há um dia
  </Text>
</View>
`;
