// Jest Snapshot v1, https://goo.gl/fbAQLP

exports[`Post<Footer> renders correctly 1`] = `
<View>
  <View
    style={
      Object {
        "backgroundColor": "rgb(45, 82, 113)",
        "borderBottomLeftRadius": 5,
        "borderBottomRightRadius": 5,
        "flex": 1,
      }
    }
  >
    <Text
      style={
        Object {
          "color": "rgb(255, 255, 255)",
          "fontWeight": "bold",
          "padding": 10,
        }
      }
    >
      Empodere Duas Mulheres
    </Text>
  </View>
  <View
    style={
      Object {
        "alignItems": "flex-end",
        "flex": 1,
        "flexDirection": "column",
        "marginRight": 10,
      }
    }
  >
    <Avatar
      avatarPath={
        Object {
          "testUri": "../../../app/assets/images/empower_two_women_logo.png",
        }
      }
      containerStyles={
        Object {
          "position": "absolute",
          "top": -50,
        }
      }
      size="large"
      styles={
        Object {
          "borderColor": "rgb(45, 82, 113)",
          "borderWidth": 4,
        }
      }
    />
  </View>
</View>
`;
