// Jest Snapshot v1, https://goo.gl/fbAQLP

exports[`Post<Footer> renders correctly 1`] = `
<View
  style={
    Object {
      "backgroundColor": "rgba(255, 255, 255, 0.85)",
    }
  }
>
  <View
    style={
      Object {
        "backgroundColor": "rgb(45, 82, 113)",
        "borderBottomLeftRadius": 5,
        "borderBottomRightRadius": 5,
        "flex": 1,
        "padding": 20,
      }
    }
  />
  <View
    style={
      Object {
        "alignItems": "center",
        "flex": 1,
        "flexDirection": "column",
      }
    }
  >
    <Avatar
      avatarPath={
        Object {
          "testUri": "../../../app/assets/images/empower_two_women_logo.png",
        }
      }
      size="large"
      styles={
        Object {
          "borderColor": "rgb(45, 82, 113)",
          "borderWidth": 4,
          "position": "absolute",
          "top": -50,
        }
      }
    />
  </View>
</View>
`;
