// Jest Snapshot v1, https://goo.gl/fbAQLP

exports[`CommunityDetails renders correctly 1`] = `
<View
  style={
    Object {
      "marginBottom": 40,
      "width": "100%",
    }
  }
>
  <FlatList
    ListHeaderComponent={
      <View
        style={
          Object {
            "alignItems": "center",
            "borderBottomColor": "rgb(255, 255, 255)",
            "borderBottomWidth": 3,
            "marginBottom": 10,
            "width": "100%",
          }
        }
      >
        <Avatar
          avatarPath={
            Object {
              "testUri": "../../../app/assets/images/empower_two_women_logo.png",
            }
          }
          size="feature"
        />
        <Title
          large={true}
          style={
            Object {
              "paddingVertical": 10,
            }
          }
          text="Empodere Duas Mulheres"
        />
      </View>
    }
    columnWrapperStyle={
      Object {
        "marginVertical": 10,
      }
    }
    data={Array []}
    disableVirtualization={false}
    horizontal={false}
    initialNumToRender={10}
    keyExtractor={[Function]}
    maxToRenderPerBatch={10}
    numColumns={2}
    onEndReachedThreshold={2}
    removeClippedSubviews={false}
    renderItem={[Function]}
    scrollEventThrottle={50}
    updateCellsBatchingPeriod={50}
    windowSize={21}
  />
</View>
`;
