// Jest Snapshot v1, https://goo.gl/fbAQLP

exports[`FormAddProfilePicture when active renders correctly 1`] = `
<View>
  <MessageBox
    display="passive"
    message="Por favor, deixe-nos ver o seu rosto."
  />
  <ProfilePictureField
    clearUploadCondition={[Function]}
    display="active"
    image={null}
    sendImage={[Function]}
    setImage={[Function]}
  />
  <View
    style={
      Object {
        "alignItems": "baseline",
        "flexDirection": "row-reverse",
        "marginBottom": 20,
      }
    }
  >
    <ButtonSubmit
      display="active"
      label="Enviar"
      onPress={[Function]}
    />
  </View>
</View>
`;
