// Jest Snapshot v1, https://goo.gl/fbAQLP

exports[`Icon custom icon renders correctly 1`] = `
<View
  style={
    Object {
      "flexDirection": "row",
    }
  }
>
  <TheIcon
    name="thumbs-up"
    size={16}
  />
  <View
    style={
      Object {
        "paddingRight": 5,
        "transform": Array [
          Object {
            "rotate": "180deg",
          },
        ],
      }
    }
  >
    <TheIcon
      name="thumbs-up"
      size={16}
    />
  </View>
</View>
`;

exports[`Icon renders correctly 1`] = `
<View
  style={null}
>
  <TheIcon
    name="rocket"
  />
</View>
`;
