// Jest Snapshot v1, https://goo.gl/fbAQLP

exports[`Logo renders correctly 1`] = `
<View
  style={
    Object {
      "alignItems": "flex-end",
      "flex": 1,
      "flexDirection": "column",
    }
  }
>
  <View
    style={
      Object {
        "alignItems": "center",
        "alignSelf": "flex-end",
        "flex": 1,
        "flexDirection": "row",
        "width": "100%",
      }
    }
  >
    <Text
      style={
        Object {
          "alignSelf": "flex-end",
          "color": "rgb(51, 51, 51)",
          "flex": 1,
          "fontFamily": "Crete Round",
          "fontSize": 40,
          "margin": 10,
          "textAlign": "center",
        }
      }
    >
      Elpis
    </Text>
  </View>
</View>
`;
