// Jest Snapshot v1, https://goo.gl/fbAQLP

exports[`Logo renders correctly 1`] = `
<View
  style={
    Object {
      "alignItems": "flex-end",
      "flex": 1,
      "flexDirection": "row",
    }
  }
>
  <View
    style={
      Object {
        "alignItems": "center",
        "alignSelf": "flex-end",
        "flex": 1,
        "flexDirection": "row",
        "justifyContent": "center",
        "marginBottom": 10,
        "width": "100%",
      }
    }
  >
    <FlexImage
      source={
        Object {
          "testUri": "../../../app/assets/images/logo.png",
        }
      }
      style={
        Object {
          "borderRadius": 20,
          "height": 40,
          "overflow": "hidden",
          "width": 40,
        }
      }
    />
    <Text
      style={
        Object {
          "alignSelf": "flex-end",
          "color": "rgb(51, 51, 51)",
          "fontFamily": "creteround-regular",
          "fontSize": 32,
          "marginLeft": 10,
          "textAlign": "center",
        }
      }
    >
      Elpis
    </Text>
  </View>
</View>
`;
