// Jest Snapshot v1, https://goo.gl/fbAQLP

exports[`UnwrappedEditPasswordScreen renders correctly 1`] = `
<BackgroundContainer
  header={<ButtonClose />}
>
  <ScrollViewMock
    style={
      Object {
        "backgroundColor": "rgba(255, 255, 255, 0.85)",
        "borderTopLeftRadius": 10,
        "borderTopRightRadius": 10,
        "height": "100%",
        "padding": 20,
      }
    }
  >
    <FormAddPassword
      onPress={[Function]}
    />
  </ScrollViewMock>
</BackgroundContainer>
`;
