// Jest Snapshot v1, https://goo.gl/fbAQLP

exports[`LoginScreen renders correctly 1`] = `
<BackgroundContainer>
  <KeyboardAwareScrollViewMock
    contentContainerStyle={
      Object {
        "paddingTop": 40,
      }
    }
    enableAutomaticScroll={true}
    enableOnAndroid={false}
    enableResetScrollToCoords={true}
    extraHeight={75}
    extraScrollHeight={0}
    keyboardOpeningTime={250}
    viewIsInsideTabBar={false}
  >
    <View
      style={
        Object {
          "alignItems": "stretch",
          "flex": 1,
        }
      }
    >
      <Logo />
    </View>
    <View
      style={
        Object {
          "alignItems": "center",
          "flex": 6,
        }
      }
    >
      <LoginForm />
    </View>
  </KeyboardAwareScrollViewMock>
</BackgroundContainer>
`;
