// Jest Snapshot v1, https://goo.gl/fbAQLP

exports[`LogoutScreen renders correctly 1`] = `
<BackgroundContainer>
  <Title
    style={
      Object {
        "fontSize": 30,
        "margin": 20,
      }
    }
    text="logout"
  />
  <View>
    <View
      style={
        Object {
          "alignItems": "center",
          "flexDirection": "row",
          "justifyContent": "center",
          "marginBottom": 10,
          "padding": 20,
        }
      }
    >
      <Text>
        You have successfully logged out - Visit Again soon!
      </Text>
    </View>
    <View
      style={
        Object {
          "alignItems": "center",
          "flexDirection": "row",
          "justifyContent": "center",
          "marginBottom": 10,
          "padding": 20,
        }
      }
    >
      <ButtonSubmit
        display="active"
        label="Entrar"
        onPress={[Function]}
      />
    </View>
  </View>
</BackgroundContainer>
`;
