// Jest Snapshot v1, https://goo.gl/fbAQLP

exports[`NotificationsScreen renders correctly 1`] = `
<BackgroundContainer>
  <Title
    style={
      Object {
        "fontSize": 30,
        "margin": 20,
      }
    }
    text="Notifications"
  />
  <View
    style={
      Object {
        "backgroundColor": "rgba(198, 213, 225, 0.75)",
        "marginVertical": 10,
        "paddingHorizontal": 20,
        "paddingTop": 5,
      }
    }
  >
    <Title
      text="New"
    />
  </View>
  <Notification />
</BackgroundContainer>
`;
