// Jest Snapshot v1, https://goo.gl/fbAQLP

exports[`OnboardingFeaturesScreen renders correctly 1`] = `
<BackgroundModal>
  <View
    style={
      Object {
        "flex": 1,
        "padding": 40,
      }
    }
  >
    <Title
      small={true}
      text="2/4"
    />
    <Title
      style={
        Object {
          "fontSize": 30,
          "paddingBottom": 20,
        }
      }
      text="What to expect"
    />
    <View
      style={
        Object {
          "alignItems": "center",
          "flexDirection": "row",
          "marginBottom": 20,
          "marginTop": 10,
        }
      }
    >
      <customIcon
        colour="rgb(45, 82, 113)"
        name="newspaper"
        size={30}
      />
      <Title
        style={
          Object {
            "fontStyle": "italic",
            "fontWeight": "normal",
            "marginBottom": 0,
            "paddingLeft": 10,
          }
        }
        text="The Feed"
      />
    </View>
    <Text
      style={
        Object {
          "paddingBottom": 20,
        }
      }
    >
      Right now there’s just a very simple feed of posts from me talking about x and y.
    </Text>
    <View
      style={
        Object {
          "alignItems": "center",
          "flexDirection": "row",
          "marginBottom": 20,
          "marginTop": 10,
        }
      }
    >
      <customIcon
        colour="rgb(45, 82, 113)"
        name="comments"
        size={30}
      />
      <Title
        style={
          Object {
            "fontStyle": "italic",
            "fontWeight": "normal",
            "marginBottom": 0,
            "paddingLeft": 10,
          }
        }
        text="Join the Discussion"
      />
    </View>
    <Text
      style={
        Object {
          "paddingBottom": 20,
        }
      }
    >
      You can add your voice and join the discussion on each post on the feed in two ways.
    </Text>
    <Text
      style={
        Object {
          "paddingBottom": 20,
        }
      }
    >
      <Text
        style={
          Object {
            "fontWeight": "bold",
          }
        }
      >
        Tópicos
      </Text>
       - 
       
      You can add a new topic with a ‘title’ and ‘body’. Like threads on a forum. This adds a new thread to the post which anyone can then reply to themselves.
    </Text>
    <Text
      style={
        Object {
          "paddingBottom": 20,
        }
      }
    >
      <Text
        style={
          Object {
            "fontWeight": "bold",
          }
        }
      >
        Respostas
      </Text>
       - 
       
      Each topic can have replies. Like comments on social media. This adds a response to an individual topic.
    </Text>
    <View
      style={
        Object {
          "alignItems": "center",
          "flexDirection": "row",
          "marginBottom": 20,
          "marginTop": 10,
        }
      }
    >
      <customIcon
        colour="rgb(45, 82, 113)"
        name="file-alt"
        size={30}
        style={
          Object {
            "paddingLeft": 10,
          }
        }
      />
      <Title
        style={
          Object {
            "fontStyle": "italic",
            "fontWeight": "normal",
            "marginBottom": 0,
            "paddingLeft": 10,
          }
        }
        text="Give your feedback"
      />
    </View>
    <Text
      style={
        Object {
          "paddingBottom": 20,
        }
      }
    >
      Unless you tell us what you think, we can’t build a great space for women to debate and feel safe. ...Bit more here.
    </Text>
    <View
      style={
        Object {
          "alignItems": "center",
          "flexDirection": "row",
          "marginBottom": 20,
          "marginTop": 10,
        }
      }
    >
      <ButtonSubmit
        display="active"
        label="Próximo"
        onPress={[Function]}
      />
    </View>
  </View>
</BackgroundModal>
`;
