// Jest Snapshot v1, https://goo.gl/fbAQLP

exports[`OnboardingAddProfilePictureScreen renders correctly 1`] = `
<BackgroundModal>
  <View
    style={
      Object {
        "flex": 1,
        "padding": 40,
      }
    }
  >
    <Title
      small={true}
      text="2/4"
    />
    <Title
      style={
        Object {
          "fontSize": 30,
          "paddingBottom": 20,
        }
      }
      text="Adicione uma imagem de perfil"
    />
    <FormAddProfilePicture
      onPress={[Function]}
    />
  </View>
</BackgroundModal>
`;
