// Jest Snapshot v1, https://goo.gl/fbAQLP

exports[`OnboardingThankYouScreen renders correctly 1`] = `
<BackgroundModal>
  <View
    style={
      Object {
        "flex": 1,
        "padding": 40,
        "paddingTop": 80,
      }
    }
  >
    <Title
      style={
        Object {
          "fontSize": 30,
          "paddingBottom": 20,
        }
      }
      text="Por favor, complete o seu perfil."
    />
    <Title
      style={
        Object {
          "fontStyle": "italic",
          "fontWeight": "normal",
          "paddingBottom": 20,
        }
      }
      text="Por favor, lembre-se de dar o máximo de feedback que puder.

Nós não poderemos construir algo incrível se você não nos disser o que pensa."
    />
    <View
      style={
        Object {
          "alignItems": "baseline",
          "flexDirection": "row-reverse",
          "marginBottom": 20,
        }
      }
    >
      <ButtonSubmit
        display="active"
        label="Entrar"
        onPress={[Function]}
      />
    </View>
  </View>
</BackgroundModal>
`;
