// Jest Snapshot v1, https://goo.gl/fbAQLP

exports[`OnboardingFeaturesScreen renders correctly 1`] = `
<BackgroundModal>
  <View
    style={
      Object {
        "flex": 1,
        "padding": 40,
      }
    }
  >
    <Title
      small={true}
      text="2/4"
    />
    <Title
      style={
        Object {
          "fontSize": 30,
          "paddingBottom": 20,
        }
      }
      text="O que esperar"
    />
    <OnboardingFeaturesContent />
    <View
      style={
        Object {
          "alignItems": "baseline",
          "flexDirection": "row-reverse",
          "marginBottom": 20,
          "marginTop": 10,
        }
      }
    >
      <ButtonSubmit
        display="active"
        label="Próximo"
        onPress={[Function]}
      />
    </View>
  </View>
</BackgroundModal>
`;
