// Jest Snapshot v1, https://goo.gl/fbAQLP

exports[`ResetPasswordScreen renders correctly 1`] = `
<BackgroundContainer>
  <KeyboardAwareScrollViewMock
    contentContainerStyle={
      Object {
        "borderTopLeftRadius": 10,
        "borderTopRightRadius": 10,
        "height": "100%",
        "padding": 20,
      }
    }
    enableAutomaticScroll={true}
    enableOnAndroid={false}
    enableResetScrollToCoords={true}
    extraHeight={75}
    extraScrollHeight={0}
    keyboardOpeningTime={250}
    viewIsInsideTabBar={false}
  >
    <BackButton
      onPress={[Function]}
      text="Voltar para o login"
    />
    <View
      style={
        Object {
          "padding": 20,
        }
      }
    >
      <Title
        large={true}
        text="Reset Password"
      />
      <FormAddPassword
        extraProps={
          Object {
            "id": "user-id",
            "passwordRequest": "213927ytwrsfhuodf",
          }
        }
        onPress={[Function]}
      />
    </View>
  </KeyboardAwareScrollViewMock>
</BackgroundContainer>
`;
