// Jest Snapshot v1, https://goo.gl/fbAQLP

exports[`SettingsScreen renders correctly 1`] = `
<BackgroundContainer>
  <Title
    style={
      Object {
        "fontSize": 30,
        "margin": 20,
      }
    }
    text="Configurações"
  />
  <View>
    <TouchableOpacity
      activeOpacity={0.2}
      onPress={[Function]}
      style={
        Object {
          "backgroundColor": "rgba(255, 255, 255, 0.85)",
          "marginBottom": 10,
          "padding": 20,
        }
      }
    >
      <View
        style={
          Object {
            "alignItems": "center",
            "flexDirection": "row",
          }
        }
      >
        <customIcon
          name="sign-out-alt"
        />
        <Text
          style={
            Object {
              "fontSize": 14,
              "paddingLeft": 10,
            }
          }
        >
          Logout
        </Text>
      </View>
    </TouchableOpacity>
  </View>
</BackgroundContainer>
`;
