// Jest Snapshot v1, https://goo.gl/fbAQLP

exports[`WebBrowser renders correctly 1`] = `
<BackgroundContainer>
  <View>
    <View
      style={
        Object {
          "flexDirection": "row-reverse",
          "padding": 10,
        }
      }
    >
      <TouchableOpacity
        activeOpacity={0.2}
        onPress={[Function]}
      >
        <customIcon
          name="times-circle"
          size={30}
        />
      </TouchableOpacity>
    </View>
  </View>
  <View>
    <WebView
      cacheEnabled={true}
      containerStyle={
        Object {
          "flex": 0,
          "height": "100%",
        }
      }
      javaScriptEnabled={true}
      originWhitelist={
        Array [
          "http://*",
          "https://*",
        ]
      }
      source={
        Object {
          "uri": "https://www.bbc.co.uk/news",
        }
      }
      useSharedProcessPool={true}
    />
  </View>
</BackgroundContainer>
`;
