// Jest Snapshot v1, https://goo.gl/fbAQLP

exports[`WelcomeScreen renders correctly 1`] = `
<View
  style={
    Object {
      "backgroundColor": "rgba(198, 213, 225, 0.75)",
      "flex": 1,
      "flexDirection": "column",
    }
  }
>
  <View
    style={
      Object {
        "alignItems": "stretch",
        "flex": 1,
      }
    }
  >
    <Logo />
  </View>
  <View
    style={
      Object {
        "alignItems": "center",
        "flex": 6,
      }
    }
  >
    <LoginForm />
  </View>
</View>
`;
