// Jest Snapshot v1, https://goo.gl/fbAQLP

exports[`WelcomeScreen renders correctly 1`] = `
<BackgroundContainer>
  <View
    style={
      Object {
        "alignItems": "stretch",
        "flex": 1,
      }
    }
  >
    <Logo />
  </View>
  <View
    style={
      Object {
        "alignItems": "center",
        "flex": 6,
      }
    }
  >
    <LoginForm />
  </View>
</BackgroundContainer>
`;
