// Jest Snapshot v1, https://goo.gl/fbAQLP

exports[`Notification new for comment type it renders correctly 1`] = `
<ApolloConsumer>
  <Component />
</ApolloConsumer>
`;

exports[`Notification new for post type it renders correctly 1`] = `
<ApolloConsumer>
  <Component />
</ApolloConsumer>
`;

exports[`Notification old for comment type it renders correctly 1`] = `
<ApolloConsumer>
  <Component />
</ApolloConsumer>
`;

exports[`Notification old for post type it renders correctly 1`] = `
<ApolloConsumer>
  <Component />
</ApolloConsumer>
`;
